C:\Users\Arya Yudha P\Downloads\UAS GISDE 2025\Draw Awal.dwg,Model,10/12/2025 17:35:00,Arya Yudha P,AutoCAD PDF (General Documentation).pc3,ISO A4 (210.00 x 297.00 MM),1:29.2574,
C:\Users\Arya Yudha P\Downloads\UAS GISDE 2025\Draw Awal.dwg,Model,11/12/2025 10:07:54,Arya Yudha P,AutoCAD PDF (General Documentation).pc3,ISO A4 (210.00 x 297.00 MM),1:30.0578,
C:\Users\Arya Yudha P\Downloads\UAS GISDE 2025\Draw Awal.dwg,Model,11/12/2025 10:08:48,Arya Yudha P,AutoCAD PDF (General Documentation).pc3,ISO A4 (210.00 x 297.00 MM),1:40.8731,
C:\Users\Arya Yudha P\Downloads\UAS GISDE 2025\Draw Awal.dwg,CMPK1 (1),11/12/2025 21:29:31,Arya Yudha P,AutoCAD PDF (High Quality Print).pc3,ISO A3 (420.00 x 297.00 MM),10:1,
C:\Users\Arya Yudha P\Downloads\UAS GISDE 2025\Draw Awal.dwg,CMPK1 (2),11/12/2025 21:37:44,Arya Yudha P,AutoCAD PDF (High Quality Print).pc3,ISO A3 (420.00 x 297.00 MM),10:1,
C:\Users\Arya Yudha P\Downloads\UAS GISDE 2025\Draw Awal.dwg,CMPK1 (1),11/12/2025 21:39:59,Arya Yudha P,AutoCAD PDF (General Documentation).pc3,ISO full bleed A3 (420.00 x 297.00 MM),10:1,
C:\Users\Arya Yudha P\Downloads\UAS GISDE 2025\Draw Awal.dwg,CMPK1 (1),11/12/2025 21:40:29,Arya Yudha P,OneNote (Desktop).pc3,A3,10:1,
C:\Users\Arya Yudha P\Downloads\UAS GISDE 2025\Draw Awal.dwg,CMPK1 (1),11/12/2025 21:41:17,Arya Yudha P,AutoCAD PDF (High Quality Print).pc3,ISO full bleed A3 (420.00 x 297.00 MM),10:1,
C:\Users\Arya Yudha P\Downloads\UAS GISDE 2025\Draw Awal.dwg,CMPK1 (1),11/12/2025 21:42:25,Arya Yudha P,AutoCAD PDF (High Quality Print).pc3,ISO full bleed A3 (420.00 x 297.00 MM),10:1,
C:\Users\Arya Yudha P\Downloads\UAS GISDE 2025\Draw Awal.dwg,CMPK1 (1),11/12/2025 21:44:04,Arya Yudha P,AutoCAD PDF (High Quality Print).pc3,ISO full bleed A3 (420.00 x 297.00 MM),10:1,
C:\Users\Arya Yudha P\Downloads\UAS GISDE 2025\Draw Awal.dwg,CMPK1 (2),11/12/2025 21:44:56,Arya Yudha P,AutoCAD PDF (High Quality Print).pc3,ISO full bleed A3 (420.00 x 297.00 MM),10:1,
C:\Users\Arya Yudha P\Downloads\UAS GISDE 2025\Draw Awal.dwg,CMPK1 (1),11/12/2025 23:02:12,Arya Yudha P,AutoCAD PDF (High Quality Print).pc3,ISO full bleed A3 (420.00 x 297.00 MM),10:1,
C:\Users\Arya Yudha P\Downloads\UAS GISDE 2025\Draw Awal.dwg,CMPK1 (1),11/12/2025 23:05:48,Arya Yudha P,AutoCAD PDF (High Quality Print).pc3,ISO full bleed A3 (420.00 x 297.00 MM),10:1,
C:\Users\Arya Yudha P\Downloads\UAS GISDE 2025\Draw Awal.dwg,CMPK1 (1),11/12/2025 23:06:01,Arya Yudha P,AutoCAD PDF (High Quality Print).pc3,ISO full bleed A3 (420.00 x 297.00 MM),10:1,
C:\Users\Arya Yudha P\Downloads\UAS GISDE 2025\Draw Awal.dwg,CMPK1 (2),11/12/2025 23:06:12,Arya Yudha P,AutoCAD PDF (High Quality Print).pc3,ISO full bleed A3 (420.00 x 297.00 MM),10:1,
C:\Users\Arya Yudha P\Downloads\UAS GISDE 2025\Draw Awal.dwg,CMPK3 (1),11/12/2025 23:11:35,Arya Yudha P,AutoCAD PDF (High Quality Print).pc3,ISO full bleed A3 (420.00 x 297.00 MM),1:0.1,
C:\Users\Arya Yudha P\Downloads\UAS GISDE 2025\Draw Awal.dwg,CMPK2 (1),11/12/2025 23:12:46,Arya Yudha P,AutoCAD PDF (High Quality Print).pc3,ISO full bleed A3 (420.00 x 297.00 MM),10:1,
C:\Users\Arya Yudha P\Downloads\UAS GISDE 2025\Draw Awal.dwg,CMPK2 (2),11/12/2025 23:13:29,Arya Yudha P,AutoCAD PDF (High Quality Print).pc3,ISO full bleed A3 (420.00 x 297.00 MM),10:1,
C:\Users\Arya Yudha P\Downloads\UAS GISDE 2025\Draw Awal.dwg,CMPK1 (1),11/12/2025 23:16:59,Arya Yudha P,AutoCAD PDF (High Quality Print).pc3,ISO full bleed A3 (420.00 x 297.00 MM),10:1,
C:\Users\Arya Yudha P\Downloads\UAS GISDE 2025\Draw Awal.dwg,CMPK1 (2),11/12/2025 23:17:56,Arya Yudha P,AutoCAD PDF (High Quality Print).pc3,ISO full bleed A3 (420.00 x 297.00 MM),10:1,
C:\Users\Arya Yudha P\Downloads\UAS GISDE 2025\Draw Awal.dwg,CMPK2 (1),11/12/2025 23:21:32,Arya Yudha P,AutoCAD PDF (High Quality Print).pc3,ISO full bleed A3 (420.00 x 297.00 MM),10:1,
C:\Users\Arya Yudha P\Downloads\UAS GISDE 2025\Draw Awal.dwg,CMPK2 (2),11/12/2025 23:22:11,Arya Yudha P,AutoCAD PDF (High Quality Print).pc3,ISO full bleed A3 (420.00 x 297.00 MM),10:1,
C:\Users\Arya Yudha P\Downloads\UAS GISDE 2025\Draw Awal.dwg,CMPK2 (1),11/12/2025 23:27:54,Arya Yudha P,AutoCAD PDF (High Quality Print).pc3,ISO full bleed A3 (420.00 x 297.00 MM),10:1,
C:\Users\Arya Yudha P\Downloads\UAS GISDE 2025\Draw Awal.dwg,CMPK2 (2),11/12/2025 23:28:14,Arya Yudha P,AutoCAD PDF (High Quality Print).pc3,ISO full bleed A3 (420.00 x 297.00 MM),10:1,
C:\Users\Arya Yudha P\Downloads\UAS GISDE 2025\Draw Awal.dwg,CMPK2 (2),11/12/2025 23:28:36,Arya Yudha P,AutoCAD PDF (High Quality Print).pc3,ISO full bleed A3 (420.00 x 297.00 MM),10:1,
C:\Users\Arya Yudha P\Downloads\UAS GISDE 2025\Draw Awal.dwg,CMPK2 (1),11/12/2025 23:28:55,Arya Yudha P,AutoCAD PDF (High Quality Print).pc3,ISO full bleed A3 (420.00 x 297.00 MM),10:1,
C:\Users\Arya Yudha P\Downloads\UAS GISDE 2025\Draw Awal.dwg,CMPK1 (1),11/12/2025 23:34:24,Arya Yudha P,AutoCAD PDF (High Quality Print).pc3,ISO full bleed A3 (420.00 x 297.00 MM),10:1,
C:\Users\Arya Yudha P\Downloads\UAS GISDE 2025\Draw Awal.dwg,CMPK1 (2),11/12/2025 23:34:33,Arya Yudha P,AutoCAD PDF (High Quality Print).pc3,ISO full bleed A3 (420.00 x 297.00 MM),10:1,
C:\Users\Arya Yudha P\Downloads\UAS GISDE 2025\Draw Awal.dwg,CMPK2 (1),11/12/2025 23:34:45,Arya Yudha P,AutoCAD PDF (High Quality Print).pc3,ISO full bleed A3 (420.00 x 297.00 MM),10:1,
C:\Users\Arya Yudha P\Downloads\UAS GISDE 2025\Draw Awal.dwg,CMPK2 (2),11/12/2025 23:34:58,Arya Yudha P,AutoCAD PDF (High Quality Print).pc3,ISO full bleed A3 (420.00 x 297.00 MM),10:1,
C:\Users\Arya Yudha P\Downloads\UAS GISDE 2025\Draw Awal.dwg,CMPK3 (2),11/12/2025 23:38:33,Arya Yudha P,AutoCAD PDF (High Quality Print).pc3,ISO full bleed A3 (420.00 x 297.00 MM),1:0.1,
C:\Users\Arya Yudha P\Downloads\UAS GISDE 2025\Draw Awal.dwg,CMPK4 (2),11/12/2025 23:43:41,Arya Yudha P,AutoCAD PDF (High Quality Print).pc3,ISO full bleed A3 (420.00 x 297.00 MM),1:0.1,
C:\Users\Arya Yudha P\Downloads\UAS GISDE 2025\Draw Awal.dwg,CMPK1 (1),12/12/2025 10:50:31,Arya Yudha P,AutoCAD PDF (High Quality Print).pc3,ISO full bleed A3 (420.00 x 297.00 MM),10:1,
C:\Users\Arya Yudha P\Downloads\UAS GISDE 2025\Draw Awal.dwg,CMPK1 (2),12/12/2025 10:50:49,Arya Yudha P,AutoCAD PDF (High Quality Print).pc3,ISO full bleed A3 (420.00 x 297.00 MM),10:1,
C:\Users\Arya Yudha P\Downloads\UAS GISDE 2025\Draw Awal.dwg,CMPK2 (1),12/12/2025 10:51:19,Arya Yudha P,AutoCAD PDF (High Quality Print).pc3,ISO full bleed A3 (420.00 x 297.00 MM),10:1,
C:\Users\Arya Yudha P\Downloads\UAS GISDE 2025\Draw Awal.dwg,CMPK2 (1),12/12/2025 10:53:56,Arya Yudha P,AutoCAD PDF (High Quality Print).pc3,ISO full bleed A3 (420.00 x 297.00 MM),10:1,
C:\Users\Arya Yudha P\Downloads\UAS GISDE 2025\Draw Awal.dwg,CMPK1 (3),12/12/2025 10:56:39,Arya Yudha P,AutoCAD PDF (High Quality Print).pc3,ISO full bleed A3 (420.00 x 297.00 MM),10:1,
C:\Users\Arya Yudha P\Downloads\UAS GISDE 2025\Draw Awal.dwg,CMPK21 (4),12/12/2025 10:56:50,Arya Yudha P,AutoCAD PDF (High Quality Print).pc3,ISO full bleed A3 (420.00 x 297.00 MM),10:1,
C:\Users\Arya Yudha P\Downloads\UAS GISDE 2025\Draw Awal.dwg,CMPK1 (4),12/12/2025 10:57:21,Arya Yudha P,AutoCAD PDF (High Quality Print).pc3,ISO full bleed A3 (420.00 x 297.00 MM),10:1,
C:\Users\Arya Yudha P\Downloads\UAS GISDE 2025\Draw Awal.dwg,CMPK2 (1),12/12/2025 10:57:48,Arya Yudha P,AutoCAD PDF (High Quality Print).pc3,ISO full bleed A3 (420.00 x 297.00 MM),10:1,
C:\Users\Arya Yudha P\Downloads\UAS GISDE 2025\Draw Awal.dwg,CMPK2 (2),12/12/2025 10:58:06,Arya Yudha P,AutoCAD PDF (High Quality Print).pc3,ISO full bleed A3 (420.00 x 297.00 MM),10:1,
C:\Users\Arya Yudha P\Downloads\UAS GISDE 2025\Draw Awal.dwg,CMPK3 (1),12/12/2025 10:58:25,Arya Yudha P,AutoCAD PDF (High Quality Print).pc3,ISO full bleed A3 (420.00 x 297.00 MM),1:0.1,
C:\Users\Arya Yudha P\Downloads\UAS GISDE 2025\Draw Awal.dwg,CMPK3 (2),12/12/2025 10:58:39,Arya Yudha P,AutoCAD PDF (High Quality Print).pc3,ISO full bleed A3 (420.00 x 297.00 MM),1:0.1,
C:\Users\Arya Yudha P\Downloads\UAS GISDE 2025\Draw Awal.dwg,CMPK3 (3),12/12/2025 10:58:46,Arya Yudha P,AutoCAD PDF (High Quality Print).pc3,ISO full bleed A3 (420.00 x 297.00 MM),1:0.1,
C:\Users\Arya Yudha P\Downloads\UAS GISDE 2025\Draw Awal.dwg,CMPK3 (2),12/12/2025 10:59:33,Arya Yudha P,AutoCAD PDF (High Quality Print).pc3,ISO full bleed A3 (420.00 x 297.00 MM),1:0.1,
C:\Users\Arya Yudha P\Downloads\UAS GISDE 2025\Draw Awal.dwg,CMPK3 (3),12/12/2025 10:59:42,Arya Yudha P,AutoCAD PDF (High Quality Print).pc3,ISO full bleed A3 (420.00 x 297.00 MM),1:0.1,
C:\Users\Arya Yudha P\Downloads\UAS GISDE 2025\Draw Awal.dwg,CMPK3 (4),12/12/2025 11:00:01,Arya Yudha P,AutoCAD PDF (High Quality Print).pc3,ISO full bleed A3 (420.00 x 297.00 MM),1:0.1,
C:\Users\Arya Yudha P\Downloads\UAS GISDE 2025\Draw Awal.dwg,CMPK3 (5),12/12/2025 11:00:18,Arya Yudha P,AutoCAD PDF (High Quality Print).pc3,ISO full bleed A3 (420.00 x 297.00 MM),1:0.1,
C:\Users\Arya Yudha P\Downloads\UAS GISDE 2025\Draw Awal.dwg,CMPK4 (1),12/12/2025 11:00:28,Arya Yudha P,AutoCAD PDF (High Quality Print).pc3,ISO full bleed A3 (420.00 x 297.00 MM),1:0.1,
C:\Users\Arya Yudha P\Downloads\UAS GISDE 2025\Draw Awal.dwg,CMPK4 (2),12/12/2025 11:00:44,Arya Yudha P,AutoCAD PDF (High Quality Print).pc3,ISO full bleed A3 (420.00 x 297.00 MM),1:0.1,
C:\Users\Arya Yudha P\Downloads\UAS GISDE 2025\Draw Awal.dwg,CMPK4 (3),12/12/2025 11:00:54,Arya Yudha P,AutoCAD PDF (High Quality Print).pc3,ISO full bleed A3 (420.00 x 297.00 MM),1:0.1,
C:\Users\Arya Yudha P\Downloads\UAS GISDE 2025\Draw Awal.dwg,CMPK3 (3),12/12/2025 13:30:15,Arya Yudha P,AutoCAD PDF (High Quality Print).pc3,ISO full bleed A3 (420.00 x 297.00 MM),1:0.1,
C:\Users\Arya Yudha P\Downloads\UAS GISDE 2025\Draw Awal.dwg,CMPK3 (4),12/12/2025 13:30:27,Arya Yudha P,AutoCAD PDF (High Quality Print).pc3,ISO full bleed A3 (420.00 x 297.00 MM),1:0.1,
C:\Users\Arya Yudha P\Downloads\UAS GISDE 2025\Draw Awal.dwg,CMPK3 (5),12/12/2025 13:30:37,Arya Yudha P,AutoCAD PDF (High Quality Print).pc3,ISO full bleed A3 (420.00 x 297.00 MM),1:0.1,
C:\Users\Arya Yudha P\Downloads\UAS GISDE 2025\Draw Awal.dwg,CMPK4 (2),12/12/2025 13:32:17,Arya Yudha P,AutoCAD PDF (High Quality Print).pc3,ISO full bleed A3 (420.00 x 297.00 MM),1:0.1,
C:\Users\Arya Yudha P\Downloads\UAS GISDE 2025\Draw Awal.dwg,CMPK4 (3),12/12/2025 13:32:31,Arya Yudha P,AutoCAD PDF (High Quality Print).pc3,ISO full bleed A3 (420.00 x 297.00 MM),1:0.1,
C:\Users\Arya Yudha P\Downloads\UAS GISDE 2025\Draw Awal.dwg,CMPK4 (1),12/12/2025 13:35:22,Arya Yudha P,AutoCAD PDF (High Quality Print).pc3,ISO full bleed A3 (420.00 x 297.00 MM),1:0.1,
C:\Users\Arya Yudha P\Downloads\UAS GISDE 2025\Draw Awal.dwg,CMPK1 (3),12/12/2025 14:45:57,Arya Yudha P,AutoCAD PDF (High Quality Print).pc3,ISO full bleed A3 (420.00 x 297.00 MM),10:1,
C:\Users\Arya Yudha P\Downloads\UAS GISDE 2025\Draw Awal.dwg,CMPK1 (4),12/12/2025 14:46:06,Arya Yudha P,AutoCAD PDF (High Quality Print).pc3,ISO full bleed A3 (420.00 x 297.00 MM),10:1,
